// Jest Snapshot v1, https://goo.gl/fbAQLP

exports[` 1`] = `
<RCTScrollView
  behavior="padding"
  style={
    Object {
      "backgroundColor": "cornflowerblue",
      "flex": 1,
      "padding": 20,
    }
  }
>
  <View>
    <View
      style={
        Object {
          "alignItems": "center",
          "flexGrow": 1,
          "justifyContent": "center",
        }
      }
    >
      <Text
        accessible={true}
        allowFontScaling={true}
        ellipsizeMode="tail"
        style={
          Object {
            "color": "white",
            "fontSize": 30,
            "justifyContent": "center",
            "marginBottom": 10,
            "opacity": 0.9,
          }
        }
      >
         DCU Library App
      </Text>
      <Image
        source={
          Object {
            "process": [Function],
          }
        }
        style={
          Object {
            "height": 150,
            "width": 200,
          }
        }
      />
    </View>
    <View
      style={undefined}
    >
      <TextInput
        KeyboardType="email-address"
        allowFontScaling={true}
        autoCapitalize="none"
        autoCorrect={false}
        onChangeText={[Function]}
        placeholder="Email"
        placeholderTextColor="white"
        returnKeyType="next"
        style={
          Object {
            "backgroundColor": "rgba(255,255,255,0.2)",
            "borderRadius": 25,
            "color": "white",
            "height": 40,
            "marginBottom": 15,
            "paddingHorizontal": 10,
          }
        }
      />
      <Text
        accessible={true}
        allowFontScaling={true}
        ellipsizeMode="tail"
        style={
          Object {
            "color": "white",
          }
        }
      >
        
      </Text>
      <TextInput
        allowFontScaling={true}
        autoCapitalize="none"
        onChangeText={[Function]}
        placeholder="Password"
        placeholderTextColor="white"
        returnKeyType="next"
        secureTextEntry={true}
        style={
          Object {
            "backgroundColor": "rgba(255,255,255,0.2)",
            "borderRadius": 25,
            "color": "white",
            "height": 40,
            "marginBottom": 15,
            "paddingHorizontal": 10,
          }
        }
      />
      <Text
        accessible={true}
        allowFontScaling={true}
        ellipsizeMode="tail"
        style={
          Object {
            "color": "white",
          }
        }
      >
        
      </Text>
      <TextInput
        allowFontScaling={true}
        autoCapitalize="none"
        onChangeText={[Function]}
        placeholder="Confirm Password"
        placeholderTextColor="white"
        returnKeyType="go"
        secureTextEntry={true}
        style={
          Object {
            "backgroundColor": "rgba(255,255,255,0.2)",
            "borderRadius": 25,
            "color": "white",
            "height": 40,
            "marginBottom": 15,
            "paddingHorizontal": 10,
          }
        }
      />
      <Text
        accessible={true}
        allowFontScaling={true}
        ellipsizeMode="tail"
        style={
          Object {
            "color": "white",
          }
        }
      >
        
      </Text>
      <View
        accessibilityComponentType={undefined}
        accessibilityLabel={undefined}
        accessibilityTraits={undefined}
        accessible={true}
        collapsable={undefined}
        hasTVPreferredFocus={undefined}
        hitSlop={undefined}
        isTVSelectable={true}
        nativeID={undefined}
        onLayout={undefined}
        onResponderGrant={[Function]}
        onResponderMove={[Function]}
        onResponderRelease={[Function]}
        onResponderTerminate={[Function]}
        onResponderTerminationRequest={[Function]}
        onStartShouldSetResponder={[Function]}
        style={
          Object {
            "backgroundColor": "steelblue",
            "borderRadius": 25,
            "marginBottom": 15,
            "opacity": 1,
            "paddingVertical": 15,
          }
        }
        testID={undefined}
        tvParallaxProperties={undefined}
      >
        <Text
          accessible={true}
          allowFontScaling={true}
          ellipsizeMode="tail"
          style={
            Object {
              "color": "white",
              "fontWeight": "400",
              "textAlign": "center",
            }
          }
        >
           Create Account
        </Text>
      </View>
      <View
        style={
          Object {
            "alignItems": "flex-end",
            "flexDirection": "row",
            "flexGrow": 1,
            "justifyContent": "center",
            "paddingVertical": 16,
          }
        }
      >
        <Text
          accessible={true}
          allowFontScaling={true}
          ellipsizeMode="tail"
          style={
            Object {
              "color": "rgba(255,255,255,.5)",
              "fontSize": 16,
            }
          }
        >
           Already have an account?
        </Text>
        <View
          accessibilityComponentType={undefined}
          accessibilityLabel={undefined}
          accessibilityTraits={undefined}
          accessible={true}
          hasTVPreferredFocus={undefined}
          hitSlop={undefined}
          isTVSelectable={true}
          nativeID={undefined}
          onLayout={undefined}
          onResponderGrant={[Function]}
          onResponderMove={[Function]}
          onResponderRelease={[Function]}
          onResponderTerminate={[Function]}
          onResponderTerminationRequest={[Function]}
          onStartShouldSetResponder={[Function]}
          style={null}
          testID={undefined}
          tvParallaxProperties={undefined}
        >
          <Text
            accessible={true}
            allowFontScaling={true}
            ellipsizeMode="tail"
            style={
              Object {
                "color": "white",
                "fontSize": 16,
                "fontWeight": "500",
              }
            }
          >
             Sign in
          </Text>
        </View>
      </View>
    </View>
  </View>
</RCTScrollView>
`;

exports[`SignUp Check Sign Up works 1`] = `
<RCTScrollView
  behavior="padding"
  style={
    Object {
      "backgroundColor": "cornflowerblue",
      "flex": 1,
      "padding": 20,
    }
  }
>
  <View>
    <View
      style={
        Object {
          "alignItems": "center",
          "flexGrow": 1,
          "justifyContent": "center",
        }
      }
    >
      <Text
        accessible={true}
        allowFontScaling={true}
        ellipsizeMode="tail"
        style={
          Object {
            "color": "white",
            "fontSize": 30,
            "justifyContent": "center",
            "marginBottom": 10,
            "opacity": 0.9,
          }
        }
      >
         DCU Library App
      </Text>
      <Image
        source={
          Object {
            "process": [Function],
          }
        }
        style={
          Object {
            "height": 150,
            "width": 200,
          }
        }
      />
    </View>
    <View
      style={undefined}
    >
      <TextInput
        KeyboardType="email-address"
        allowFontScaling={true}
        autoCapitalize="none"
        autoCorrect={false}
        onChangeText={[Function]}
        placeholder="Email"
        placeholderTextColor="white"
        returnKeyType="next"
        style={
          Object {
            "backgroundColor": "rgba(255,255,255,0.2)",
            "borderRadius": 25,
            "color": "white",
            "height": 40,
            "marginBottom": 15,
            "paddingHorizontal": 10,
          }
        }
      />
      <Text
        accessible={true}
        allowFontScaling={true}
        ellipsizeMode="tail"
        style={
          Object {
            "color": "white",
          }
        }
      >
        
      </Text>
      <TextInput
        allowFontScaling={true}
        autoCapitalize="none"
        onChangeText={[Function]}
        placeholder="Password"
        placeholderTextColor="white"
        returnKeyType="next"
        secureTextEntry={true}
        style={
          Object {
            "backgroundColor": "rgba(255,255,255,0.2)",
            "borderRadius": 25,
            "color": "white",
            "height": 40,
            "marginBottom": 15,
            "paddingHorizontal": 10,
          }
        }
      />
      <Text
        accessible={true}
        allowFontScaling={true}
        ellipsizeMode="tail"
        style={
          Object {
            "color": "white",
          }
        }
      >
        
      </Text>
      <TextInput
        allowFontScaling={true}
        autoCapitalize="none"
        onChangeText={[Function]}
        placeholder="Confirm Password"
        placeholderTextColor="white"
        returnKeyType="go"
        secureTextEntry={true}
        style={
          Object {
            "backgroundColor": "rgba(255,255,255,0.2)",
            "borderRadius": 25,
            "color": "white",
            "height": 40,
            "marginBottom": 15,
            "paddingHorizontal": 10,
          }
        }
      />
      <Text
        accessible={true}
        allowFontScaling={true}
        ellipsizeMode="tail"
        style={
          Object {
            "color": "white",
          }
        }
      >
        
      </Text>
      <View
        accessibilityComponentType={undefined}
        accessibilityLabel={undefined}
        accessibilityTraits={undefined}
        accessible={true}
        collapsable={undefined}
        hasTVPreferredFocus={undefined}
        hitSlop={undefined}
        isTVSelectable={true}
        nativeID={undefined}
        onLayout={undefined}
        onResponderGrant={[Function]}
        onResponderMove={[Function]}
        onResponderRelease={[Function]}
        onResponderTerminate={[Function]}
        onResponderTerminationRequest={[Function]}
        onStartShouldSetResponder={[Function]}
        style={
          Object {
            "backgroundColor": "steelblue",
            "borderRadius": 25,
            "marginBottom": 15,
            "opacity": 1,
            "paddingVertical": 15,
          }
        }
        testID={undefined}
        tvParallaxProperties={undefined}
      >
        <Text
          accessible={true}
          allowFontScaling={true}
          ellipsizeMode="tail"
          style={
            Object {
              "color": "white",
              "fontWeight": "400",
              "textAlign": "center",
            }
          }
        >
           Create Account
        </Text>
      </View>
      <View
        style={
          Object {
            "alignItems": "flex-end",
            "flexDirection": "row",
            "flexGrow": 1,
            "justifyContent": "center",
            "paddingVertical": 16,
          }
        }
      >
        <Text
          accessible={true}
          allowFontScaling={true}
          ellipsizeMode="tail"
          style={
            Object {
              "color": "rgba(255,255,255,.5)",
              "fontSize": 16,
            }
          }
        >
           Already have an account?
        </Text>
        <View
          accessibilityComponentType={undefined}
          accessibilityLabel={undefined}
          accessibilityTraits={undefined}
          accessible={true}
          hasTVPreferredFocus={undefined}
          hitSlop={undefined}
          isTVSelectable={true}
          nativeID={undefined}
          onLayout={undefined}
          onResponderGrant={[Function]}
          onResponderMove={[Function]}
          onResponderRelease={[Function]}
          onResponderTerminate={[Function]}
          onResponderTerminationRequest={[Function]}
          onStartShouldSetResponder={[Function]}
          style={null}
          testID={undefined}
          tvParallaxProperties={undefined}
        >
          <Text
            accessible={true}
            allowFontScaling={true}
            ellipsizeMode="tail"
            style={
              Object {
                "color": "white",
                "fontSize": 16,
                "fontWeight": "500",
              }
            }
          >
             Sign in
          </Text>
        </View>
      </View>
    </View>
  </View>
</RCTScrollView>
`;

exports[`SignUp touchHighlight touch works 1`] = `
<RCTScrollView
  behavior="padding"
  style={
    Object {
      "backgroundColor": "cornflowerblue",
      "flex": 1,
      "padding": 20,
    }
  }
>
  <View>
    <View
      style={
        Object {
          "alignItems": "center",
          "flexGrow": 1,
          "justifyContent": "center",
        }
      }
    >
      <Text
        accessible={true}
        allowFontScaling={true}
        ellipsizeMode="tail"
        style={
          Object {
            "color": "white",
            "fontSize": 30,
            "justifyContent": "center",
            "marginBottom": 10,
            "opacity": 0.9,
          }
        }
      >
         DCU Library App
      </Text>
      <Image
        source={
          Object {
            "process": [Function],
          }
        }
        style={
          Object {
            "height": 150,
            "width": 200,
          }
        }
      />
    </View>
    <View
      style={undefined}
    >
      <TextInput
        KeyboardType="email-address"
        allowFontScaling={true}
        autoCapitalize="none"
        autoCorrect={false}
        onChangeText={[Function]}
        placeholder="Email"
        placeholderTextColor="white"
        returnKeyType="next"
        style={
          Object {
            "backgroundColor": "rgba(255,255,255,0.2)",
            "borderRadius": 25,
            "color": "white",
            "height": 40,
            "marginBottom": 15,
            "paddingHorizontal": 10,
          }
        }
      />
      <Text
        accessible={true}
        allowFontScaling={true}
        ellipsizeMode="tail"
        style={
          Object {
            "color": "white",
          }
        }
      >
        
      </Text>
      <TextInput
        allowFontScaling={true}
        autoCapitalize="none"
        onChangeText={[Function]}
        placeholder="Password"
        placeholderTextColor="white"
        returnKeyType="next"
        secureTextEntry={true}
        style={
          Object {
            "backgroundColor": "rgba(255,255,255,0.2)",
            "borderRadius": 25,
            "color": "white",
            "height": 40,
            "marginBottom": 15,
            "paddingHorizontal": 10,
          }
        }
      />
      <Text
        accessible={true}
        allowFontScaling={true}
        ellipsizeMode="tail"
        style={
          Object {
            "color": "white",
          }
        }
      >
        
      </Text>
      <TextInput
        allowFontScaling={true}
        autoCapitalize="none"
        onChangeText={[Function]}
        placeholder="Confirm Password"
        placeholderTextColor="white"
        returnKeyType="go"
        secureTextEntry={true}
        style={
          Object {
            "backgroundColor": "rgba(255,255,255,0.2)",
            "borderRadius": 25,
            "color": "white",
            "height": 40,
            "marginBottom": 15,
            "paddingHorizontal": 10,
          }
        }
      />
      <Text
        accessible={true}
        allowFontScaling={true}
        ellipsizeMode="tail"
        style={
          Object {
            "color": "white",
          }
        }
      >
        
      </Text>
      <View
        accessibilityComponentType={undefined}
        accessibilityLabel={undefined}
        accessibilityTraits={undefined}
        accessible={true}
        collapsable={undefined}
        hasTVPreferredFocus={undefined}
        hitSlop={undefined}
        isTVSelectable={true}
        nativeID={undefined}
        onLayout={undefined}
        onResponderGrant={[Function]}
        onResponderMove={[Function]}
        onResponderRelease={[Function]}
        onResponderTerminate={[Function]}
        onResponderTerminationRequest={[Function]}
        onStartShouldSetResponder={[Function]}
        style={
          Object {
            "backgroundColor": "steelblue",
            "borderRadius": 25,
            "marginBottom": 15,
            "opacity": 1,
            "paddingVertical": 15,
          }
        }
        testID={undefined}
        tvParallaxProperties={undefined}
      >
        <Text
          accessible={true}
          allowFontScaling={true}
          ellipsizeMode="tail"
          style={
            Object {
              "color": "white",
              "fontWeight": "400",
              "textAlign": "center",
            }
          }
        >
           Create Account
        </Text>
      </View>
      <View
        style={
          Object {
            "alignItems": "flex-end",
            "flexDirection": "row",
            "flexGrow": 1,
            "justifyContent": "center",
            "paddingVertical": 16,
          }
        }
      >
        <Text
          accessible={true}
          allowFontScaling={true}
          ellipsizeMode="tail"
          style={
            Object {
              "color": "rgba(255,255,255,.5)",
              "fontSize": 16,
            }
          }
        >
           Already have an account?
        </Text>
        <View
          accessibilityComponentType={undefined}
          accessibilityLabel={undefined}
          accessibilityTraits={undefined}
          accessible={true}
          hasTVPreferredFocus={undefined}
          hitSlop={undefined}
          isTVSelectable={true}
          nativeID={undefined}
          onLayout={undefined}
          onResponderGrant={[Function]}
          onResponderMove={[Function]}
          onResponderRelease={[Function]}
          onResponderTerminate={[Function]}
          onResponderTerminationRequest={[Function]}
          onStartShouldSetResponder={[Function]}
          style={null}
          testID={undefined}
          tvParallaxProperties={undefined}
        >
          <Text
            accessible={true}
            allowFontScaling={true}
            ellipsizeMode="tail"
            style={
              Object {
                "color": "white",
                "fontSize": 16,
                "fontWeight": "500",
              }
            }
          >
             Sign in
          </Text>
        </View>
      </View>
    </View>
  </View>
</RCTScrollView>
`;

exports[`SignUp touchableOpacity 1 touch works 1`] = `
<RCTScrollView
  behavior="padding"
  style={
    Object {
      "backgroundColor": "cornflowerblue",
      "flex": 1,
      "padding": 20,
    }
  }
>
  <View>
    <View
      style={
        Object {
          "alignItems": "center",
          "flexGrow": 1,
          "justifyContent": "center",
        }
      }
    >
      <Text
        accessible={true}
        allowFontScaling={true}
        ellipsizeMode="tail"
        style={
          Object {
            "color": "white",
            "fontSize": 30,
            "justifyContent": "center",
            "marginBottom": 10,
            "opacity": 0.9,
          }
        }
      >
         DCU Library App
      </Text>
      <Image
        source={
          Object {
            "process": [Function],
          }
        }
        style={
          Object {
            "height": 150,
            "width": 200,
          }
        }
      />
    </View>
    <View
      style={undefined}
    >
      <TextInput
        KeyboardType="email-address"
        allowFontScaling={true}
        autoCapitalize="none"
        autoCorrect={false}
        onChangeText={[Function]}
        placeholder="Email"
        placeholderTextColor="white"
        returnKeyType="next"
        style={
          Object {
            "backgroundColor": "rgba(255,255,255,0.2)",
            "borderRadius": 25,
            "color": "white",
            "height": 40,
            "marginBottom": 15,
            "paddingHorizontal": 10,
          }
        }
      />
      <Text
        accessible={true}
        allowFontScaling={true}
        ellipsizeMode="tail"
        style={
          Object {
            "color": "white",
          }
        }
      >
        
      </Text>
      <TextInput
        allowFontScaling={true}
        autoCapitalize="none"
        onChangeText={[Function]}
        placeholder="Password"
        placeholderTextColor="white"
        returnKeyType="next"
        secureTextEntry={true}
        style={
          Object {
            "backgroundColor": "rgba(255,255,255,0.2)",
            "borderRadius": 25,
            "color": "white",
            "height": 40,
            "marginBottom": 15,
            "paddingHorizontal": 10,
          }
        }
      />
      <Text
        accessible={true}
        allowFontScaling={true}
        ellipsizeMode="tail"
        style={
          Object {
            "color": "white",
          }
        }
      >
        
      </Text>
      <TextInput
        allowFontScaling={true}
        autoCapitalize="none"
        onChangeText={[Function]}
        placeholder="Confirm Password"
        placeholderTextColor="white"
        returnKeyType="go"
        secureTextEntry={true}
        style={
          Object {
            "backgroundColor": "rgba(255,255,255,0.2)",
            "borderRadius": 25,
            "color": "white",
            "height": 40,
            "marginBottom": 15,
            "paddingHorizontal": 10,
          }
        }
      />
      <Text
        accessible={true}
        allowFontScaling={true}
        ellipsizeMode="tail"
        style={
          Object {
            "color": "white",
          }
        }
      >
        
      </Text>
      <View
        accessibilityComponentType={undefined}
        accessibilityLabel={undefined}
        accessibilityTraits={undefined}
        accessible={true}
        collapsable={undefined}
        hasTVPreferredFocus={undefined}
        hitSlop={undefined}
        isTVSelectable={true}
        nativeID={undefined}
        onLayout={undefined}
        onResponderGrant={[Function]}
        onResponderMove={[Function]}
        onResponderRelease={[Function]}
        onResponderTerminate={[Function]}
        onResponderTerminationRequest={[Function]}
        onStartShouldSetResponder={[Function]}
        style={
          Object {
            "backgroundColor": "steelblue",
            "borderRadius": 25,
            "marginBottom": 15,
            "opacity": 1,
            "paddingVertical": 15,
          }
        }
        testID={undefined}
        tvParallaxProperties={undefined}
      >
        <Text
          accessible={true}
          allowFontScaling={true}
          ellipsizeMode="tail"
          style={
            Object {
              "color": "white",
              "fontWeight": "400",
              "textAlign": "center",
            }
          }
        >
           Create Account
        </Text>
      </View>
      <View
        style={
          Object {
            "alignItems": "flex-end",
            "flexDirection": "row",
            "flexGrow": 1,
            "justifyContent": "center",
            "paddingVertical": 16,
          }
        }
      >
        <Text
          accessible={true}
          allowFontScaling={true}
          ellipsizeMode="tail"
          style={
            Object {
              "color": "rgba(255,255,255,.5)",
              "fontSize": 16,
            }
          }
        >
           Already have an account?
        </Text>
        <View
          accessibilityComponentType={undefined}
          accessibilityLabel={undefined}
          accessibilityTraits={undefined}
          accessible={true}
          hasTVPreferredFocus={undefined}
          hitSlop={undefined}
          isTVSelectable={true}
          nativeID={undefined}
          onLayout={undefined}
          onResponderGrant={[Function]}
          onResponderMove={[Function]}
          onResponderRelease={[Function]}
          onResponderTerminate={[Function]}
          onResponderTerminationRequest={[Function]}
          onStartShouldSetResponder={[Function]}
          style={null}
          testID={undefined}
          tvParallaxProperties={undefined}
        >
          <Text
            accessible={true}
            allowFontScaling={true}
            ellipsizeMode="tail"
            style={
              Object {
                "color": "white",
                "fontSize": 16,
                "fontWeight": "500",
              }
            }
          >
             Sign in
          </Text>
        </View>
      </View>
    </View>
  </View>
</RCTScrollView>
`;
